
> mymediaverse-frontend@0.1.0 build
> vite build

[36mvite v6.4.1 [32mbuilding for production...[36m[39m
transforming...
[32mÔ£ô[39m 42 modules transformed.
node.exe : [31mÔ£ù[39m Build failed in 549ms
En C:\Program Files\nodejs\npm.ps1: 29 Carácter: 3
+   & $NODE_EXE $NPM_CLI_JS $args
+   ~~~~~~~~~~~~~~~~~~~~~~~~~~~~~
    + CategoryInfo          : NotSpecified: ([31mÔ£ù[39m Build fail 
   ed in 549ms:String) [], RemoteException
    + FullyQualifiedErrorId : NativeCommandError
 
[31merror during build:
[31m[vite-plugin-pwa:build] [plugin vite-plugin-pwa:build] src/views/
SeriesDetailView.vue?vue&type=style&index=0&scoped=f038b00a&lang.scss:
 There was an error during the build:
  Preprocessor dependency "sass-embedded" not found. Did you install 
it? Try `npm install -D sass-embedded`.
Additionally, handling the error in the 'buildEnd' hook caused the 
following error:
  Preprocessor dependency "sass-embedded" not found. Did you install 
it? Try `npm install -D sass-embedded`.[31m
file: [36mC:/Users/jordi/Proyectos/MyMediaVerse/frontend/src/views/Se
riesDetailView.vue?vue&type=style&index=0&scoped=f038b00a&lang.scss[3
1m
    at getRollupError (file:///C:/Users/jordi/Proyectos/MyMediaVerse/f
rontend/node_modules/rollup/dist/es/shared/parseAst.js:402:41)
    at file:///C:/Users/jordi/Proyectos/MyMediaVerse/frontend/node_mod
ules/rollup/dist/es/shared/node-entry.js:23444:39
    at async catchUnfinishedHookActions (file:///C:/Users/jordi/Proyec
tos/MyMediaVerse/frontend/node_modules/rollup/dist/es/shared/node-entr
y.js:22902:16)
    at async rollupInternal (file:///C:/Users/jordi/Proyectos/MyMediaV
erse/frontend/node_modules/rollup/dist/es/shared/node-entry.js:23427:5
)
    at async buildEnvironment (file:///C:/Users/jordi/Proyectos/MyMedi
aVerse/frontend/node_modules/vite/dist/node/chunks/dep-D4NMHUTW.js:462
35:14)
    at async Object.defaultBuildApp [as buildApp] (file:///C:/Users/jo
rdi/Proyectos/MyMediaVerse/frontend/node_modules/vite/dist/node/chunks
/dep-D4NMHUTW.js:46713:5)
    at async CAC.<anonymous> (file:///C:/Users/jordi/Proyectos/MyMedia
Verse/frontend/node_modules/vite/dist/node/cli.js:863:7)[39m
